%!Adobe-FontList 1.22
%Locale:0x409

%BeginFont
Handler:DirectoryHandler
FontType:Invalid
OutlineFileName:/Users/christophertwele/Desktop/UN_IN_SPACE_MDECAMO_WEB_V4 Folder/Document fonts/AdobeFnt22.lst
FileLength:3019
FileModTime:721040954
%EndFont

%BeginFont
Handler:DirectoryHandler
FontType:TrueType
FontName:BigCaslon-Medium
FamilyName:Big Caslon
StyleName:Medium
MenuName:Big Caslon
StyleBits:0
WeightClass:500
WidthClass:5
AngleClass:0
FullName:Big Caslon Medium
WritingScript:Roman
OutlineFileName:/Users/christophertwele/Desktop/UN_IN_SPACE_MDECAMO_WEB_V4 Folder/Document fonts/BigCaslon.ttf
DataFormat:sfntData
hasSVG:no
VariableFontType:NonVariableFont
FileLength:213512
FileModTime:431996002
NameArray:0,Mac,4,Big Caslon Medium
%EndFont

%BeginFont
Handler:DirectoryHandler
FontType:TrueType
FontName:EngraversGothicBT-Regular
FamilyName:EngraversGothic BT
StyleName:Regular
MenuName:EngraversGothic BT
StyleBits:0
WeightClass:400
WidthClass:6
AngleClass:0
FullName:Engravers' Gothic BT
WritingScript:Roman
OutlineFileName:/Users/christophertwele/Desktop/UN_IN_SPACE_MDECAMO_WEB_V4 Folder/Document fonts/EngraversGothic-BT-Regular.ttf
DataFormat:sfntData
hasSVG:no
VariableFontType:NonVariableFont
FileLength:35044
FileModTime:285146133
NameArray:0,Mac,4,Engravers' Gothic BT
NameArray:0,Win,1,EngraversGothic BT
%EndFont

%BeginFont
Handler:DirectoryHandler
FontType:Type1
FontName:MinionPro-Regular
FamilyName:Minion Pro
StyleName:Regular
MenuName:Minion Pro
StyleBits:0
WeightClass:400
WidthClass:5
AngleClass:0
FullName:Minion Pro
WritingScript:Roman
OutlineFileName:/Users/christophertwele/Desktop/UN_IN_SPACE_MDECAMO_WEB_V4 Folder/Document fonts/MinionPro-Regular.otf
DataFormat:sfntData
UsesStandardEncoding:yes
isCFF:yes
hasSVG:no
VariableFontType:NonVariableFont
FileLength:217280
FileModTime:432519489
DesignSize:110
NameArray:0,Mac,4,Minion Pro
NameArray:0,Win,1,Minion Pro
%EndFont

%BeginFont
Handler:DirectoryHandler
FontType:TrueType
FontName:BasisGrotesquePro-Medium
FamilyName:Basis Grotesque Pro
StyleName:Medium
MenuName:Basis Grotesque Pro Medium
StyleBits:0
WeightClass:500
WidthClass:5
AngleClass:0
FullName:Basis Grotesque Pro Medium
WritingScript:Roman
OutlineFileName:/Users/christophertwele/Desktop/UN_IN_SPACE_MDECAMO_WEB_V4 Folder/Document fonts/basis-grotesque-medium-pro.ttf
DataFormat:sfntData
hasSVG:no
VariableFontType:NonVariableFont
FileLength:142864
FileModTime:576518722
NameArray:0,Mac,4,Basis Grotesque Pro Medium
NameArray:0,Win,1,Basis Grotesque Pro Medium
NameArray:0,Win,16,Basis Grotesque Pro
%EndFont

%BeginFont
Handler:DirectoryHandler
FontType:TrueType
FontName:BasisGrotesquePro-Off-White
FamilyName:Basis Grotesque Pro
StyleName:Off-White
MenuName:Basis Grotesque Pro Off-White
StyleBits:0
WeightClass:350
WidthClass:5
AngleClass:0
FullName:Basis Grotesque Pro Off-White
WritingScript:Roman
OutlineFileName:/Users/christophertwele/Desktop/UN_IN_SPACE_MDECAMO_WEB_V4 Folder/Document fonts/basis-grotesque-off-white-pro.ttf
DataFormat:sfntData
hasSVG:no
VariableFontType:NonVariableFont
FileLength:142104
FileModTime:576518722
NameArray:0,Mac,4,Basis Grotesque Pro Off-White
NameArray:0,Win,1,Basis Grotesque Pro Off-White
NameArray:0,Win,16,Basis Grotesque Pro
%EndFont

